// Jest Snapshot v1, https://goo.gl/fbAQLP

exports[`offline pack styles, every extension state × pack kind × mode 1`] = `
{
  "geo:in off:false show:false tides:in show:false map/raster all": "0c79554f46aa7af9",
  "geo:in off:false show:false tides:in show:false map/raster none": "422eeac5c13b0ed6",
  "geo:in off:false show:false tides:in show:false map/raster settings": "5286d805492abc8c",
  "geo:in off:false show:false tides:in show:false map/vector all": "349a00841c6fe766",
  "geo:in off:false show:false tides:in show:false map/vector none": "b3e8dc9502a4cacf",
  "geo:in off:false show:false tides:in show:false map/vector settings": "114f4eed547681e6",
  "geo:in off:false show:false tides:in show:false satellite/raster all": "9a3c2d7d45b5426d",
  "geo:in off:false show:false tides:in show:false satellite/raster none": "d6c5c885217670ec",
  "geo:in off:false show:false tides:in show:false satellite/raster settings": "ea9c60a22478197d",
  "geo:in off:false show:false tides:in show:true map/raster all": "0c79554f46aa7af9",
  "geo:in off:false show:false tides:in show:true map/raster none": "422eeac5c13b0ed6",
  "geo:in off:false show:false tides:in show:true map/raster settings": "5286d805492abc8c",
  "geo:in off:false show:false tides:in show:true map/vector all": "349a00841c6fe766",
  "geo:in off:false show:false tides:in show:true map/vector none": "b3e8dc9502a4cacf",
  "geo:in off:false show:false tides:in show:true map/vector settings": "114f4eed547681e6",
  "geo:in off:false show:false tides:in show:true satellite/raster all": "9a3c2d7d45b5426d",
  "geo:in off:false show:false tides:in show:true satellite/raster none": "d6c5c885217670ec",
  "geo:in off:false show:false tides:in show:true satellite/raster settings": "ea9c60a22478197d",
  "geo:in off:false show:false tides:out show:false map/raster all": "0c79554f46aa7af9",
  "geo:in off:false show:false tides:out show:false map/raster none": "422eeac5c13b0ed6",
  "geo:in off:false show:false tides:out show:false map/raster settings": "422eeac5c13b0ed6",
  "geo:in off:false show:false tides:out show:false map/vector all": "349a00841c6fe766",
  "geo:in off:false show:false tides:out show:false map/vector none": "b3e8dc9502a4cacf",
  "geo:in off:false show:false tides:out show:false map/vector settings": "b3e8dc9502a4cacf",
  "geo:in off:false show:false tides:out show:false satellite/raster all": "9a3c2d7d45b5426d",
  "geo:in off:false show:false tides:out show:false satellite/raster none": "d6c5c885217670ec",
  "geo:in off:false show:false tides:out show:false satellite/raster settings": "d6c5c885217670ec",
  "geo:in off:false show:false tides:out show:true map/raster all": "0c79554f46aa7af9",
  "geo:in off:false show:false tides:out show:true map/raster none": "422eeac5c13b0ed6",
  "geo:in off:false show:false tides:out show:true map/raster settings": "422eeac5c13b0ed6",
  "geo:in off:false show:false tides:out show:true map/vector all": "349a00841c6fe766",
  "geo:in off:false show:false tides:out show:true map/vector none": "b3e8dc9502a4cacf",
  "geo:in off:false show:false tides:out show:true map/vector settings": "b3e8dc9502a4cacf",
  "geo:in off:false show:false tides:out show:true satellite/raster all": "9a3c2d7d45b5426d",
  "geo:in off:false show:false tides:out show:true satellite/raster none": "d6c5c885217670ec",
  "geo:in off:false show:false tides:out show:true satellite/raster settings": "d6c5c885217670ec",
  "geo:in off:false show:true tides:in show:false map/raster all": "0c79554f46aa7af9",
  "geo:in off:false show:true tides:in show:false map/raster none": "422eeac5c13b0ed6",
  "geo:in off:false show:true tides:in show:false map/raster settings": "5286d805492abc8c",
  "geo:in off:false show:true tides:in show:false map/vector all": "349a00841c6fe766",
  "geo:in off:false show:true tides:in show:false map/vector none": "b3e8dc9502a4cacf",
  "geo:in off:false show:true tides:in show:false map/vector settings": "114f4eed547681e6",
  "geo:in off:false show:true tides:in show:false satellite/raster all": "9a3c2d7d45b5426d",
  "geo:in off:false show:true tides:in show:false satellite/raster none": "d6c5c885217670ec",
  "geo:in off:false show:true tides:in show:false satellite/raster settings": "ea9c60a22478197d",
  "geo:in off:false show:true tides:in show:true map/raster all": "0c79554f46aa7af9",
  "geo:in off:false show:true tides:in show:true map/raster none": "422eeac5c13b0ed6",
  "geo:in off:false show:true tides:in show:true map/raster settings": "5286d805492abc8c",
  "geo:in off:false show:true tides:in show:true map/vector all": "349a00841c6fe766",
  "geo:in off:false show:true tides:in show:true map/vector none": "b3e8dc9502a4cacf",
  "geo:in off:false show:true tides:in show:true map/vector settings": "114f4eed547681e6",
  "geo:in off:false show:true tides:in show:true satellite/raster all": "9a3c2d7d45b5426d",
  "geo:in off:false show:true tides:in show:true satellite/raster none": "d6c5c885217670ec",
  "geo:in off:false show:true tides:in show:true satellite/raster settings": "ea9c60a22478197d",
  "geo:in off:false show:true tides:out show:false map/raster all": "0c79554f46aa7af9",
  "geo:in off:false show:true tides:out show:false map/raster none": "422eeac5c13b0ed6",
  "geo:in off:false show:true tides:out show:false map/raster settings": "422eeac5c13b0ed6",
  "geo:in off:false show:true tides:out show:false map/vector all": "349a00841c6fe766",
  "geo:in off:false show:true tides:out show:false map/vector none": "b3e8dc9502a4cacf",
  "geo:in off:false show:true tides:out show:false map/vector settings": "b3e8dc9502a4cacf",
  "geo:in off:false show:true tides:out show:false satellite/raster all": "9a3c2d7d45b5426d",
  "geo:in off:false show:true tides:out show:false satellite/raster none": "d6c5c885217670ec",
  "geo:in off:false show:true tides:out show:false satellite/raster settings": "d6c5c885217670ec",
  "geo:in off:false show:true tides:out show:true map/raster all": "0c79554f46aa7af9",
  "geo:in off:false show:true tides:out show:true map/raster none": "422eeac5c13b0ed6",
  "geo:in off:false show:true tides:out show:true map/raster settings": "422eeac5c13b0ed6",
  "geo:in off:false show:true tides:out show:true map/vector all": "349a00841c6fe766",
  "geo:in off:false show:true tides:out show:true map/vector none": "b3e8dc9502a4cacf",
  "geo:in off:false show:true tides:out show:true map/vector settings": "b3e8dc9502a4cacf",
  "geo:in off:false show:true tides:out show:true satellite/raster all": "9a3c2d7d45b5426d",
  "geo:in off:false show:true tides:out show:true satellite/raster none": "d6c5c885217670ec",
  "geo:in off:false show:true tides:out show:true satellite/raster settings": "d6c5c885217670ec",
  "geo:in off:true show:false tides:in show:false map/raster all": "0c79554f46aa7af9",
  "geo:in off:true show:false tides:in show:false map/raster none": "422eeac5c13b0ed6",
  "geo:in off:true show:false tides:in show:false map/raster settings": "0c79554f46aa7af9",
  "geo:in off:true show:false tides:in show:false map/vector all": "349a00841c6fe766",
  "geo:in off:true show:false tides:in show:false map/vector none": "b3e8dc9502a4cacf",
  "geo:in off:true show:false tides:in show:false map/vector settings": "349a00841c6fe766",
  "geo:in off:true show:false tides:in show:false satellite/raster all": "9a3c2d7d45b5426d",
  "geo:in off:true show:false tides:in show:false satellite/raster none": "d6c5c885217670ec",
  "geo:in off:true show:false tides:in show:false satellite/raster settings": "9a3c2d7d45b5426d",
  "geo:in off:true show:false tides:in show:true map/raster all": "0c79554f46aa7af9",
  "geo:in off:true show:false tides:in show:true map/raster none": "422eeac5c13b0ed6",
  "geo:in off:true show:false tides:in show:true map/raster settings": "0c79554f46aa7af9",
  "geo:in off:true show:false tides:in show:true map/vector all": "349a00841c6fe766",
  "geo:in off:true show:false tides:in show:true map/vector none": "b3e8dc9502a4cacf",
  "geo:in off:true show:false tides:in show:true map/vector settings": "349a00841c6fe766",
  "geo:in off:true show:false tides:in show:true satellite/raster all": "9a3c2d7d45b5426d",
  "geo:in off:true show:false tides:in show:true satellite/raster none": "d6c5c885217670ec",
  "geo:in off:true show:false tides:in show:true satellite/raster settings": "9a3c2d7d45b5426d",
  "geo:in off:true show:false tides:out show:false map/raster all": "0c79554f46aa7af9",
  "geo:in off:true show:false tides:out show:false map/raster none": "422eeac5c13b0ed6",
  "geo:in off:true show:false tides:out show:false map/raster settings": "527e46193d87f52f",
  "geo:in off:true show:false tides:out show:false map/vector all": "349a00841c6fe766",
  "geo:in off:true show:false tides:out show:false map/vector none": "b3e8dc9502a4cacf",
  "geo:in off:true show:false tides:out show:false map/vector settings": "1d2a495ddf58ed8a",
  "geo:in off:true show:false tides:out show:false satellite/raster all": "9a3c2d7d45b5426d",
  "geo:in off:true show:false tides:out show:false satellite/raster none": "d6c5c885217670ec",
  "geo:in off:true show:false tides:out show:false satellite/raster settings": "8e243373d89bafae",
  "geo:in off:true show:false tides:out show:true map/raster all": "0c79554f46aa7af9",
  "geo:in off:true show:false tides:out show:true map/raster none": "422eeac5c13b0ed6",
  "geo:in off:true show:false tides:out show:true map/raster settings": "527e46193d87f52f",
  "geo:in off:true show:false tides:out show:true map/vector all": "349a00841c6fe766",
  "geo:in off:true show:false tides:out show:true map/vector none": "b3e8dc9502a4cacf",
  "geo:in off:true show:false tides:out show:true map/vector settings": "1d2a495ddf58ed8a",
  "geo:in off:true show:false tides:out show:true satellite/raster all": "9a3c2d7d45b5426d",
  "geo:in off:true show:false tides:out show:true satellite/raster none": "d6c5c885217670ec",
  "geo:in off:true show:false tides:out show:true satellite/raster settings": "8e243373d89bafae",
  "geo:in off:true show:true tides:in show:false map/raster all": "0c79554f46aa7af9",
  "geo:in off:true show:true tides:in show:false map/raster none": "422eeac5c13b0ed6",
  "geo:in off:true show:true tides:in show:false map/raster settings": "0c79554f46aa7af9",
  "geo:in off:true show:true tides:in show:false map/vector all": "349a00841c6fe766",
  "geo:in off:true show:true tides:in show:false map/vector none": "b3e8dc9502a4cacf",
  "geo:in off:true show:true tides:in show:false map/vector settings": "349a00841c6fe766",
  "geo:in off:true show:true tides:in show:false satellite/raster all": "9a3c2d7d45b5426d",
  "geo:in off:true show:true tides:in show:false satellite/raster none": "d6c5c885217670ec",
  "geo:in off:true show:true tides:in show:false satellite/raster settings": "9a3c2d7d45b5426d",
  "geo:in off:true show:true tides:in show:true map/raster all": "0c79554f46aa7af9",
  "geo:in off:true show:true tides:in show:true map/raster none": "422eeac5c13b0ed6",
  "geo:in off:true show:true tides:in show:true map/raster settings": "0c79554f46aa7af9",
  "geo:in off:true show:true tides:in show:true map/vector all": "349a00841c6fe766",
  "geo:in off:true show:true tides:in show:true map/vector none": "b3e8dc9502a4cacf",
  "geo:in off:true show:true tides:in show:true map/vector settings": "349a00841c6fe766",
  "geo:in off:true show:true tides:in show:true satellite/raster all": "9a3c2d7d45b5426d",
  "geo:in off:true show:true tides:in show:true satellite/raster none": "d6c5c885217670ec",
  "geo:in off:true show:true tides:in show:true satellite/raster settings": "9a3c2d7d45b5426d",
  "geo:in off:true show:true tides:out show:false map/raster all": "0c79554f46aa7af9",
  "geo:in off:true show:true tides:out show:false map/raster none": "422eeac5c13b0ed6",
  "geo:in off:true show:true tides:out show:false map/raster settings": "527e46193d87f52f",
  "geo:in off:true show:true tides:out show:false map/vector all": "349a00841c6fe766",
  "geo:in off:true show:true tides:out show:false map/vector none": "b3e8dc9502a4cacf",
  "geo:in off:true show:true tides:out show:false map/vector settings": "1d2a495ddf58ed8a",
  "geo:in off:true show:true tides:out show:false satellite/raster all": "9a3c2d7d45b5426d",
  "geo:in off:true show:true tides:out show:false satellite/raster none": "d6c5c885217670ec",
  "geo:in off:true show:true tides:out show:false satellite/raster settings": "8e243373d89bafae",
  "geo:in off:true show:true tides:out show:true map/raster all": "0c79554f46aa7af9",
  "geo:in off:true show:true tides:out show:true map/raster none": "422eeac5c13b0ed6",
  "geo:in off:true show:true tides:out show:true map/raster settings": "527e46193d87f52f",
  "geo:in off:true show:true tides:out show:true map/vector all": "349a00841c6fe766",
  "geo:in off:true show:true tides:out show:true map/vector none": "b3e8dc9502a4cacf",
  "geo:in off:true show:true tides:out show:true map/vector settings": "1d2a495ddf58ed8a",
  "geo:in off:true show:true tides:out show:true satellite/raster all": "9a3c2d7d45b5426d",
  "geo:in off:true show:true tides:out show:true satellite/raster none": "d6c5c885217670ec",
  "geo:in off:true show:true tides:out show:true satellite/raster settings": "8e243373d89bafae",
  "geo:out off:false show:false tides:in show:false map/raster all": "0c79554f46aa7af9",
  "geo:out off:false show:false tides:in show:false map/raster none": "422eeac5c13b0ed6",
  "geo:out off:false show:false tides:in show:false map/raster settings": "5286d805492abc8c",
  "geo:out off:false show:false tides:in show:false map/vector all": "349a00841c6fe766",
  "geo:out off:false show:false tides:in show:false map/vector none": "b3e8dc9502a4cacf",
  "geo:out off:false show:false tides:in show:false map/vector settings": "114f4eed547681e6",
  "geo:out off:false show:false tides:in show:false satellite/raster all": "9a3c2d7d45b5426d",
  "geo:out off:false show:false tides:in show:false satellite/raster none": "d6c5c885217670ec",
  "geo:out off:false show:false tides:in show:false satellite/raster settings": "ea9c60a22478197d",
  "geo:out off:false show:false tides:in show:true map/raster all": "0c79554f46aa7af9",
  "geo:out off:false show:false tides:in show:true map/raster none": "422eeac5c13b0ed6",
  "geo:out off:false show:false tides:in show:true map/raster settings": "5286d805492abc8c",
  "geo:out off:false show:false tides:in show:true map/vector all": "349a00841c6fe766",
  "geo:out off:false show:false tides:in show:true map/vector none": "b3e8dc9502a4cacf",
  "geo:out off:false show:false tides:in show:true map/vector settings": "114f4eed547681e6",
  "geo:out off:false show:false tides:in show:true satellite/raster all": "9a3c2d7d45b5426d",
  "geo:out off:false show:false tides:in show:true satellite/raster none": "d6c5c885217670ec",
  "geo:out off:false show:false tides:in show:true satellite/raster settings": "ea9c60a22478197d",
  "geo:out off:false show:false tides:out show:false map/raster all": "0c79554f46aa7af9",
  "geo:out off:false show:false tides:out show:false map/raster none": "422eeac5c13b0ed6",
  "geo:out off:false show:false tides:out show:false map/raster settings": "422eeac5c13b0ed6",
  "geo:out off:false show:false tides:out show:false map/vector all": "349a00841c6fe766",
  "geo:out off:false show:false tides:out show:false map/vector none": "b3e8dc9502a4cacf",
  "geo:out off:false show:false tides:out show:false map/vector settings": "b3e8dc9502a4cacf",
  "geo:out off:false show:false tides:out show:false satellite/raster all": "9a3c2d7d45b5426d",
  "geo:out off:false show:false tides:out show:false satellite/raster none": "d6c5c885217670ec",
  "geo:out off:false show:false tides:out show:false satellite/raster settings": "d6c5c885217670ec",
  "geo:out off:false show:false tides:out show:true map/raster all": "0c79554f46aa7af9",
  "geo:out off:false show:false tides:out show:true map/raster none": "422eeac5c13b0ed6",
  "geo:out off:false show:false tides:out show:true map/raster settings": "422eeac5c13b0ed6",
  "geo:out off:false show:false tides:out show:true map/vector all": "349a00841c6fe766",
  "geo:out off:false show:false tides:out show:true map/vector none": "b3e8dc9502a4cacf",
  "geo:out off:false show:false tides:out show:true map/vector settings": "b3e8dc9502a4cacf",
  "geo:out off:false show:false tides:out show:true satellite/raster all": "9a3c2d7d45b5426d",
  "geo:out off:false show:false tides:out show:true satellite/raster none": "d6c5c885217670ec",
  "geo:out off:false show:false tides:out show:true satellite/raster settings": "d6c5c885217670ec",
  "geo:out off:false show:true tides:in show:false map/raster all": "0c79554f46aa7af9",
  "geo:out off:false show:true tides:in show:false map/raster none": "422eeac5c13b0ed6",
  "geo:out off:false show:true tides:in show:false map/raster settings": "5286d805492abc8c",
  "geo:out off:false show:true tides:in show:false map/vector all": "349a00841c6fe766",
  "geo:out off:false show:true tides:in show:false map/vector none": "b3e8dc9502a4cacf",
  "geo:out off:false show:true tides:in show:false map/vector settings": "114f4eed547681e6",
  "geo:out off:false show:true tides:in show:false satellite/raster all": "9a3c2d7d45b5426d",
  "geo:out off:false show:true tides:in show:false satellite/raster none": "d6c5c885217670ec",
  "geo:out off:false show:true tides:in show:false satellite/raster settings": "ea9c60a22478197d",
  "geo:out off:false show:true tides:in show:true map/raster all": "0c79554f46aa7af9",
  "geo:out off:false show:true tides:in show:true map/raster none": "422eeac5c13b0ed6",
  "geo:out off:false show:true tides:in show:true map/raster settings": "5286d805492abc8c",
  "geo:out off:false show:true tides:in show:true map/vector all": "349a00841c6fe766",
  "geo:out off:false show:true tides:in show:true map/vector none": "b3e8dc9502a4cacf",
  "geo:out off:false show:true tides:in show:true map/vector settings": "114f4eed547681e6",
  "geo:out off:false show:true tides:in show:true satellite/raster all": "9a3c2d7d45b5426d",
  "geo:out off:false show:true tides:in show:true satellite/raster none": "d6c5c885217670ec",
  "geo:out off:false show:true tides:in show:true satellite/raster settings": "ea9c60a22478197d",
  "geo:out off:false show:true tides:out show:false map/raster all": "0c79554f46aa7af9",
  "geo:out off:false show:true tides:out show:false map/raster none": "422eeac5c13b0ed6",
  "geo:out off:false show:true tides:out show:false map/raster settings": "422eeac5c13b0ed6",
  "geo:out off:false show:true tides:out show:false map/vector all": "349a00841c6fe766",
  "geo:out off:false show:true tides:out show:false map/vector none": "b3e8dc9502a4cacf",
  "geo:out off:false show:true tides:out show:false map/vector settings": "b3e8dc9502a4cacf",
  "geo:out off:false show:true tides:out show:false satellite/raster all": "9a3c2d7d45b5426d",
  "geo:out off:false show:true tides:out show:false satellite/raster none": "d6c5c885217670ec",
  "geo:out off:false show:true tides:out show:false satellite/raster settings": "d6c5c885217670ec",
  "geo:out off:false show:true tides:out show:true map/raster all": "0c79554f46aa7af9",
  "geo:out off:false show:true tides:out show:true map/raster none": "422eeac5c13b0ed6",
  "geo:out off:false show:true tides:out show:true map/raster settings": "422eeac5c13b0ed6",
  "geo:out off:false show:true tides:out show:true map/vector all": "349a00841c6fe766",
  "geo:out off:false show:true tides:out show:true map/vector none": "b3e8dc9502a4cacf",
  "geo:out off:false show:true tides:out show:true map/vector settings": "b3e8dc9502a4cacf",
  "geo:out off:false show:true tides:out show:true satellite/raster all": "9a3c2d7d45b5426d",
  "geo:out off:false show:true tides:out show:true satellite/raster none": "d6c5c885217670ec",
  "geo:out off:false show:true tides:out show:true satellite/raster settings": "d6c5c885217670ec",
  "geo:out off:true show:false tides:in show:false map/raster all": "0c79554f46aa7af9",
  "geo:out off:true show:false tides:in show:false map/raster none": "422eeac5c13b0ed6",
  "geo:out off:true show:false tides:in show:false map/raster settings": "5286d805492abc8c",
  "geo:out off:true show:false tides:in show:false map/vector all": "349a00841c6fe766",
  "geo:out off:true show:false tides:in show:false map/vector none": "b3e8dc9502a4cacf",
  "geo:out off:true show:false tides:in show:false map/vector settings": "114f4eed547681e6",
  "geo:out off:true show:false tides:in show:false satellite/raster all": "9a3c2d7d45b5426d",
  "geo:out off:true show:false tides:in show:false satellite/raster none": "d6c5c885217670ec",
  "geo:out off:true show:false tides:in show:false satellite/raster settings": "ea9c60a22478197d",
  "geo:out off:true show:false tides:in show:true map/raster all": "0c79554f46aa7af9",
  "geo:out off:true show:false tides:in show:true map/raster none": "422eeac5c13b0ed6",
  "geo:out off:true show:false tides:in show:true map/raster settings": "5286d805492abc8c",
  "geo:out off:true show:false tides:in show:true map/vector all": "349a00841c6fe766",
  "geo:out off:true show:false tides:in show:true map/vector none": "b3e8dc9502a4cacf",
  "geo:out off:true show:false tides:in show:true map/vector settings": "114f4eed547681e6",
  "geo:out off:true show:false tides:in show:true satellite/raster all": "9a3c2d7d45b5426d",
  "geo:out off:true show:false tides:in show:true satellite/raster none": "d6c5c885217670ec",
  "geo:out off:true show:false tides:in show:true satellite/raster settings": "ea9c60a22478197d",
  "geo:out off:true show:false tides:out show:false map/raster all": "0c79554f46aa7af9",
  "geo:out off:true show:false tides:out show:false map/raster none": "422eeac5c13b0ed6",
  "geo:out off:true show:false tides:out show:false map/raster settings": "422eeac5c13b0ed6",
  "geo:out off:true show:false tides:out show:false map/vector all": "349a00841c6fe766",
  "geo:out off:true show:false tides:out show:false map/vector none": "b3e8dc9502a4cacf",
  "geo:out off:true show:false tides:out show:false map/vector settings": "b3e8dc9502a4cacf",
  "geo:out off:true show:false tides:out show:false satellite/raster all": "9a3c2d7d45b5426d",
  "geo:out off:true show:false tides:out show:false satellite/raster none": "d6c5c885217670ec",
  "geo:out off:true show:false tides:out show:false satellite/raster settings": "d6c5c885217670ec",
  "geo:out off:true show:false tides:out show:true map/raster all": "0c79554f46aa7af9",
  "geo:out off:true show:false tides:out show:true map/raster none": "422eeac5c13b0ed6",
  "geo:out off:true show:false tides:out show:true map/raster settings": "422eeac5c13b0ed6",
  "geo:out off:true show:false tides:out show:true map/vector all": "349a00841c6fe766",
  "geo:out off:true show:false tides:out show:true map/vector none": "b3e8dc9502a4cacf",
  "geo:out off:true show:false tides:out show:true map/vector settings": "b3e8dc9502a4cacf",
  "geo:out off:true show:false tides:out show:true satellite/raster all": "9a3c2d7d45b5426d",
  "geo:out off:true show:false tides:out show:true satellite/raster none": "d6c5c885217670ec",
  "geo:out off:true show:false tides:out show:true satellite/raster settings": "d6c5c885217670ec",
  "geo:out off:true show:true tides:in show:false map/raster all": "0c79554f46aa7af9",
  "geo:out off:true show:true tides:in show:false map/raster none": "422eeac5c13b0ed6",
  "geo:out off:true show:true tides:in show:false map/raster settings": "5286d805492abc8c",
  "geo:out off:true show:true tides:in show:false map/vector all": "349a00841c6fe766",
  "geo:out off:true show:true tides:in show:false map/vector none": "b3e8dc9502a4cacf",
  "geo:out off:true show:true tides:in show:false map/vector settings": "114f4eed547681e6",
  "geo:out off:true show:true tides:in show:false satellite/raster all": "9a3c2d7d45b5426d",
  "geo:out off:true show:true tides:in show:false satellite/raster none": "d6c5c885217670ec",
  "geo:out off:true show:true tides:in show:false satellite/raster settings": "ea9c60a22478197d",
  "geo:out off:true show:true tides:in show:true map/raster all": "0c79554f46aa7af9",
  "geo:out off:true show:true tides:in show:true map/raster none": "422eeac5c13b0ed6",
  "geo:out off:true show:true tides:in show:true map/raster settings": "5286d805492abc8c",
  "geo:out off:true show:true tides:in show:true map/vector all": "349a00841c6fe766",
  "geo:out off:true show:true tides:in show:true map/vector none": "b3e8dc9502a4cacf",
  "geo:out off:true show:true tides:in show:true map/vector settings": "114f4eed547681e6",
  "geo:out off:true show:true tides:in show:true satellite/raster all": "9a3c2d7d45b5426d",
  "geo:out off:true show:true tides:in show:true satellite/raster none": "d6c5c885217670ec",
  "geo:out off:true show:true tides:in show:true satellite/raster settings": "ea9c60a22478197d",
  "geo:out off:true show:true tides:out show:false map/raster all": "0c79554f46aa7af9",
  "geo:out off:true show:true tides:out show:false map/raster none": "422eeac5c13b0ed6",
  "geo:out off:true show:true tides:out show:false map/raster settings": "422eeac5c13b0ed6",
  "geo:out off:true show:true tides:out show:false map/vector all": "349a00841c6fe766",
  "geo:out off:true show:true tides:out show:false map/vector none": "b3e8dc9502a4cacf",
  "geo:out off:true show:true tides:out show:false map/vector settings": "b3e8dc9502a4cacf",
  "geo:out off:true show:true tides:out show:false satellite/raster all": "9a3c2d7d45b5426d",
  "geo:out off:true show:true tides:out show:false satellite/raster none": "d6c5c885217670ec",
  "geo:out off:true show:true tides:out show:false satellite/raster settings": "d6c5c885217670ec",
  "geo:out off:true show:true tides:out show:true map/raster all": "0c79554f46aa7af9",
  "geo:out off:true show:true tides:out show:true map/raster none": "422eeac5c13b0ed6",
  "geo:out off:true show:true tides:out show:true map/raster settings": "422eeac5c13b0ed6",
  "geo:out off:true show:true tides:out show:true map/vector all": "349a00841c6fe766",
  "geo:out off:true show:true tides:out show:true map/vector none": "b3e8dc9502a4cacf",
  "geo:out off:true show:true tides:out show:true map/vector settings": "b3e8dc9502a4cacf",
  "geo:out off:true show:true tides:out show:true satellite/raster all": "9a3c2d7d45b5426d",
  "geo:out off:true show:true tides:out show:true satellite/raster none": "d6c5c885217670ec",
  "geo:out off:true show:true tides:out show:true satellite/raster settings": "d6c5c885217670ec",
}
`;

exports[`the geodetic companion pack style 1`] = `
{
  "noGlyphs": "ea414419b5d91771",
  "withGlyphs": "21b473c8173afd94",
}
`;

exports[`the live map, every extension option × base map 1`] = `
{
  "geo:full tides:chsNull raster": "66f9e1281445fcc9",
  "geo:full tides:chsNull satellite": "26a8c13053670244",
  "geo:full tides:chsNull vector": "db35b722de24f6d9",
  "geo:full tides:chsNull vectorDark": "79fb29a46151236d",
  "geo:full tides:full raster": "edab9b120e44f36a",
  "geo:full tides:full satellite": "4ac75ea3d23d92d1",
  "geo:full tides:full vector": "99ce674a3fb3ac6b",
  "geo:full tides:full vectorDark": "14e3ebdeff8da6c3",
  "geo:full tides:none raster": "e4ca41411a4711f9",
  "geo:full tides:none satellite": "5b5086ef39ee5013",
  "geo:full tides:none vector": "f28a49373e7bfa3d",
  "geo:full tides:none vectorDark": "a1c0f5ac656ae194",
  "geo:full tides:plain raster": "66f9e1281445fcc9",
  "geo:full tides:plain satellite": "26a8c13053670244",
  "geo:full tides:plain vector": "db35b722de24f6d9",
  "geo:full tides:plain vectorDark": "79fb29a46151236d",
  "geo:none tides:chsNull raster": "620e2a1fd0b83039",
  "geo:none tides:chsNull satellite": "ea9c60a22478197d",
  "geo:none tides:chsNull vector": "1f5992b71122f9f3",
  "geo:none tides:chsNull vectorDark": "69b8f329c1864f17",
  "geo:none tides:full raster": "f1ff7dce3c667864",
  "geo:none tides:full satellite": "8b229c8cadc83158",
  "geo:none tides:full vector": "311651c7fa16a87b",
  "geo:none tides:full vectorDark": "065aa1d49895021f",
  "geo:none tides:none raster": "87a3170a5a82725a",
  "geo:none tides:none satellite": "d6c5c885217670ec",
  "geo:none tides:none vector": "d23ec3fe90ba0775",
  "geo:none tides:none vectorDark": "06ec3903e83562f0",
  "geo:none tides:plain raster": "620e2a1fd0b83039",
  "geo:none tides:plain satellite": "ea9c60a22478197d",
  "geo:none tides:plain vector": "1f5992b71122f9f3",
  "geo:none tides:plain vectorDark": "69b8f329c1864f17",
  "geo:plain tides:chsNull raster": "1ea2275bd469d55a",
  "geo:plain tides:chsNull satellite": "9a3c2d7d45b5426d",
  "geo:plain tides:chsNull vector": "7f498d6a9f67ea50",
  "geo:plain tides:chsNull vectorDark": "70bc92de0cbb7b0e",
  "geo:plain tides:full raster": "561cc45c1904f838",
  "geo:plain tides:full satellite": "71067f8a2a0095f6",
  "geo:plain tides:full vector": "c553f42ec387939a",
  "geo:plain tides:full vectorDark": "7142b190e225deb3",
  "geo:plain tides:none raster": "9b58235cf4f5f196",
  "geo:plain tides:none satellite": "8e243373d89bafae",
  "geo:plain tides:none vector": "fb217c3d8e5f6b02",
  "geo:plain tides:none vectorDark": "be00aa1a9a3ec368",
  "geo:plain tides:plain raster": "1ea2275bd469d55a",
  "geo:plain tides:plain satellite": "9a3c2d7d45b5426d",
  "geo:plain tides:plain vector": "7f498d6a9f67ea50",
  "geo:plain tides:plain vectorDark": "70bc92de0cbb7b0e",
}
`;
